<html>
<body>
<pre>
<h1>µVision Build Log</h1>
<h2>Tool Versions:</h2>
IDE-Version: ¦ÌVision V5.42.0.0
Copyright (C) 2025 ARM Ltd and ARM Germany GmbH. All rights reserved.
License Information: 1 wishzone, 1, LIC=585FJ-UQR4M-SBREJ-U4S86-YASNV-MKD1M
 
Tool Versions:
Toolchain:       MDK-ARM Plus  Version: 5.42.0.0
Toolchain Path:  C:\Users\wishzone\AppData\Local\Keil_v5\ARM\ARMCC\Bin
C Compiler:      Armcc.exe V5.06 update 7 (build 960)
Assembler:       Armasm.exe V5.06 update 7 (build 960)
Linker/Locator:  ArmLink.exe V5.06 update 7 (build 960)
Library Manager: ArmAr.exe V5.06 update 7 (build 960)
Hex Converter:   FromElf.exe V5.06 update 7 (build 960)
CPU DLL:         SARMCM3.DLL V5.42.0.0
Dialog DLL:      DCM.DLL V1.17.5.0
Target DLL:      STLink\ST-LINKIII-KEIL_SWO.dll V3.3.0.0
Dialog DLL:      TCM.DLL V1.56.6.0
 
<h2>Project:</h2>
C:\Users\wishzone\Desktop\Documents\2025µçÈü\UART_FREQ\MDK-ARM\H7-USART.uvprojx
Project File Date:  08/01/2025

<h2>Output:</h2>
*** Using Compiler 'V5.06 update 7 (build 960)', folder: 'C:\Users\wishzone\AppData\Local\Keil_v5\ARM\ARMCC\Bin'
Build target 'H7-USART'
assembling startup_stm32h743xx.s...
compiling stm32h7xx_it.c...
compiling dma.c...
compiling usart.c...
compiling main.c...
../Core/Src/main.c(112): warning:  #223-D: function "build_packet" declared implicitly
  		build_packet(0x00,  0x00,  0x00,0.5,  contlV);	
../Core/Src/main.c(117): warning:  #167-D: argument of type "uint16_t *" is incompatible with parameter of type "uint8_t *"
  process_H7_command(H7Buffer[0], H7Buffer, &freq_update, txBuffer, &contlV) ;
../Core/Src/main.c(117): warning:  #167-D: argument of type "uint8_t (*)[11]" is incompatible with parameter of type "uint16_t *"
  process_H7_command(H7Buffer[0], H7Buffer, &freq_update, txBuffer, &contlV) ;
../Core/Src/main.c(133): warning:  #223-D: function "handle_sweep_mode" declared implicitly
  										handle_sweep_mode();  // æ‰«é¢‘å¤„ç†å‡½æ•°
../Core/Src/main.c(141): warning:  #223-D: function "combine_to_struct" declared implicitly
  										combine_to_struct(freq, volt, DATA_POINTS, responses);
../Core/Src/main.c(150): warning:  #223-D: function "send_fir_coefficients" declared implicitly
  										send_fir_coefficients(fir_coeff, 0x00); 
../Core/Src/main.c(124): warning:  #546-D: transfer of control bypasses initialization of:
            variable "filterType"  (declared at line 142)
  			    switch(currentState) {
  			    ^
../Core/Src/main.c: 7 warnings, 0 errors
compiling BSP_USART.c...
..\BSP\BSP_USART.c(66): warning:  #42-D: operand types are incompatible ("USART_TypeDef *" and "UART_HandleTypeDef *")
  				    if(huart->Instance == &huart7) {
..\BSP\BSP_USART.c: 1 warning, 0 errors
linking...
Program Size: Code=31568 RO-data=760 RW-data=52 ZI-data=148300  
FromELF: creating hex file...
"H7-USART\H7-USART.axf" - 0 Error(s), 8 Warning(s).

<h2>Software Packages used:</h2>

Package Vendor: ARM
                http://www.keil.com/pack/ARM.CMSIS.5.7.0.pack
                ARM::CMSIS@5.7.0
                CMSIS (Cortex Microcontroller Software Interface Standard)
   * Component: CORE Version: 5.4.0

Package Vendor: Keil
                https://www.keil.com/pack/Keil.STM32H7xx_DFP.4.0.0.pack
                Keil::STM32H7xx_DFP@4.0.0
                STMicroelectronics STM32H7 Series Device Support

<h2>Collection of Component include folders:</h2>
  ./RTE/_H7-USART
  C:/Users/wishzone/AppData/Local/Arm/Packs/ARM/CMSIS/5.7.0/CMSIS/Core/Include

<h2>Collection of Component Files used:</h2>

   * Component: ARM::CMSIS:CORE@5.4.0
      Include file:  CMSIS/Core/Include/tz_context.h
Build Time Elapsed:  00:00:08
</pre>
</body>
</html>
